2026-09-30 17:31:18,956 INFO httpx HTTP Request: POST http://testserver/login "HTTP/1.1 303 See Other"
2026-09-30 17:31:19,122 INFO httpx HTTP Request: POST http://testserver/login "HTTP/1.1 401 Unauthorized"
2026-09-30 17:31:19,134 INFO httpx HTTP Request: GET http://testserver/students "HTTP/1.1 303 See Other"
2026-09-30 17:31:19,142 INFO httpx HTTP Request: GET http://testserver/api/dashboard/stats "HTTP/1.1 401 Unauthorized"
2026-09-30 17:31:19,299 INFO httpx HTTP Request: POST http://testserver/login "HTTP/1.1 303 See Other"
2026-09-30 17:31:19,308 INFO httpx HTTP Request: POST http://testserver/logout "HTTP/1.1 303 See Other"
2026-09-30 17:31:19,310 INFO httpx HTTP Request: GET http://testserver/students "HTTP/1.1 303 See Other"
2026-09-30 17:31:19,459 INFO httpx HTTP Request: POST http://testserver/login "HTTP/1.1 303 See Other"
2026-09-30 17:31:19,475 INFO httpx HTTP Request: POST http://testserver/students/add "HTTP/1.1 303 See Other"
2026-09-30 17:31:19,498 INFO httpx HTTP Request: GET http://testserver/students "HTTP/1.1 200 OK"
2026-09-30 17:31:19,502 INFO httpx HTTP Request: POST http://testserver/students/add "HTTP/1.1 303 See Other"
2026-09-30 17:31:19,509 INFO httpx HTTP Request: GET http://testserver/students "HTTP/1.1 200 OK"
2026-09-30 17:31:19,684 INFO httpx HTTP Request: POST http://testserver/login "HTTP/1.1 303 See Other"
2026-09-30 17:31:19,697 INFO httpx HTTP Request: POST http://testserver/students/add "HTTP/1.1 303 See Other"
2026-09-30 17:31:19,705 INFO httpx HTTP Request: GET http://testserver/students "HTTP/1.1 200 OK"
2026-09-30 17:31:19,717 INFO httpx HTTP Request: POST http://testserver/students/7/delete "HTTP/1.1 303 See Other"
2026-09-30 17:31:19,724 INFO httpx HTTP Request: GET http://testserver/students "HTTP/1.1 200 OK"
2026-09-30 17:31:19,905 INFO httpx HTTP Request: POST http://testserver/login "HTTP/1.1 303 See Other"
2026-09-30 17:31:19,910 INFO httpx HTTP Request: POST http://testserver/api/face/detect "HTTP/1.1 400 Bad Request"
2026-09-30 17:31:20,080 INFO httpx HTTP Request: POST http://testserver/login "HTTP/1.1 303 See Other"
2026-09-30 17:31:20,130 INFO httpx HTTP Request: POST http://testserver/api/face/register "HTTP/1.1 422 Unprocessable Entity"
2026-09-30 17:31:20,282 INFO httpx HTTP Request: POST http://testserver/login "HTTP/1.1 303 See Other"
2026-09-30 17:31:20,301 INFO httpx HTTP Request: POST http://testserver/api/face/recognize "HTTP/1.1 200 OK"
2026-09-30 17:31:20,498 INFO httpx HTTP Request: POST http://testserver/login "HTTP/1.1 303 See Other"
2026-09-30 17:31:20,513 INFO httpx HTTP Request: GET http://testserver/attendance/export.csv "HTTP/1.1 200 OK"
2026-09-30 17:31:20,714 INFO httpx HTTP Request: POST http://testserver/login "HTTP/1.1 303 See Other"
2026-09-30 17:31:20,723 INFO httpx HTTP Request: GET http://testserver/ "HTTP/1.1 200 OK"
2026-09-30 17:31:20,878 INFO httpx HTTP Request: POST http://testserver/login "HTTP/1.1 303 See Other"
2026-09-30 17:31:20,888 INFO httpx HTTP Request: GET http://testserver/students "HTTP/1.1 200 OK"
2026-09-30 17:31:21,062 INFO httpx HTTP Request: POST http://testserver/login "HTTP/1.1 303 See Other"
2026-09-30 17:31:21,074 INFO httpx HTTP Request: GET http://testserver/face-registration "HTTP/1.1 200 OK"
2026-09-30 17:31:21,248 INFO httpx HTTP Request: POST http://testserver/login "HTTP/1.1 303 See Other"
2026-09-30 17:31:21,261 INFO httpx HTTP Request: GET http://testserver/face-attendance "HTTP/1.1 200 OK"
2026-09-30 17:31:21,450 INFO httpx HTTP Request: POST http://testserver/login "HTTP/1.1 303 See Other"
2026-09-30 17:31:21,472 INFO httpx HTTP Request: GET http://testserver/schedules "HTTP/1.1 200 OK"
2026-09-30 17:31:21,650 INFO httpx HTTP Request: POST http://testserver/login "HTTP/1.1 303 See Other"
2026-09-30 17:31:21,679 INFO httpx HTTP Request: GET http://testserver/attendance "HTTP/1.1 200 OK"
2026-09-30 17:31:21,882 INFO httpx HTTP Request: POST http://testserver/login "HTTP/1.1 303 See Other"
2026-09-30 17:31:21,893 INFO httpx HTTP Request: GET http://testserver/logs "HTTP/1.1 200 OK"
2026-09-30 17:31:22,054 INFO httpx HTTP Request: POST http://testserver/login "HTTP/1.1 303 See Other"
2026-09-30 17:31:22,082 INFO httpx HTTP Request: GET http://testserver/api/dashboard/stats "HTTP/1.1 200 OK"
